2025-08-13 12:34:16 [main] INFO  [,] c.e.s.ServiceUserApplication - Starting ServiceUserApplication using Java 21.0.1 with PID 18468 (C:\Users\aldo_\Documents\SIIE\POC\service-user\service-user\build\classes\java\main started by aldo_ in C:\Users\aldo_\Documents\SIIE\POC\service-user\service-user)
2025-08-13 12:34:16 [main] DEBUG [,] c.e.s.ServiceUserApplication - Running with Spring Boot v3.5.4, Spring v6.2.9
2025-08-13 12:34:16 [main] INFO  [,] c.e.s.ServiceUserApplication - No active profile set, falling back to 1 default profile: "default"
2025-08-13 12:34:20 [main] INFO  [,] o.s.b.w.e.tomcat.TomcatWebServer - Tomcat initialized with port 8081 (http)
2025-08-13 12:34:20 [main] INFO  [,] o.a.catalina.core.StandardService - Starting service [Tomcat]
2025-08-13 12:34:20 [main] INFO  [,] o.a.catalina.core.StandardEngine - Starting Servlet engine: [Apache Tomcat/10.1.43]
2025-08-13 12:34:20 [main] INFO  [,] o.a.c.c.C.[Tomcat].[localhost].[/] - Initializing Spring embedded WebApplicationContext
2025-08-13 12:34:20 [main] INFO  [,] o.s.b.w.s.c.ServletWebServerApplicationContext - Root WebApplicationContext: initialization completed in 3202 ms
2025-08-13 12:34:22 [main] DEBUG [,] n.d.b.g.c.a.GrpcCommonCodecAutoConfiguration - Found GrpcCodecDiscoverer -> Creating custom CompressorRegistry
2025-08-13 12:34:22 [main] DEBUG [,] n.d.b.g.c.c.AnnotationGrpcCodecDiscoverer - Searching for codecs...
2025-08-13 12:34:22 [main] DEBUG [,] n.d.b.g.c.c.AnnotationGrpcCodecDiscoverer - Done
2025-08-13 12:34:22 [main] DEBUG [,] n.d.b.g.c.a.GrpcCommonCodecAutoConfiguration - Found GrpcCodecDiscoverer -> Creating custom DecompressorRegistry
2025-08-13 12:34:22 [main] DEBUG [,] n.d.b.g.s.a.GrpcServerMetricAutoConfiguration - Pre-Registering service metrics
2025-08-13 12:34:22 [main] DEBUG [,] n.d.b.g.s.a.GrpcServerMetricAutoConfiguration - - com.example.service_user.service.UserServiceImpl@1a717d79
2025-08-13 12:34:22 [main] DEBUG [,] n.d.b.g.s.a.GrpcServerMetricAutoConfiguration - - io.grpc.protobuf.services.HealthServiceImpl@2bb717d7
2025-08-13 12:34:22 [main] DEBUG [,] n.d.b.g.s.a.GrpcServerMetricAutoConfiguration - - io.grpc.protobuf.services.ProtoReflectionService@57e4b86c
2025-08-13 12:34:22 [main] INFO  [,] n.d.b.g.s.a.GrpcServerFactoryAutoConfiguration - Detected grpc-netty-shaded: Creating ShadedNettyGrpcServerFactory
2025-08-13 12:34:22 [main] DEBUG [,] n.d.b.g.s.i.AnnotationGlobalServerInterceptorConfigurer - Registering GlobalServerInterceptor: metricCollectingServerInterceptor (io.micrometer.core.instrument.binder.grpc.MetricCollectingServerInterceptor@4586a8aa)
2025-08-13 12:34:22 [main] DEBUG [,] n.d.b.g.s.i.AnnotationGlobalServerInterceptorConfigurer - Registering GlobalServerInterceptor: grpcRequestScope (net.devh.boot.grpc.server.scope.GrpcRequestScope@3dc82e6a)
2025-08-13 12:34:22 [main] DEBUG [,] n.d.b.g.s.i.AnnotationGlobalServerInterceptorConfigurer - Registering GlobalServerInterceptor: globalObservationGrpcServerInterceptorConfigurer (io.micrometer.core.instrument.binder.grpc.ObservationGrpcServerInterceptor@54463380)
2025-08-13 12:34:22 [main] DEBUG [,] n.d.b.g.s.s.AnnotationGrpcServiceDiscoverer - Found gRPC service: user.UserService, bean: userServiceImpl, class: com.example.service_user.service.UserServiceImpl
2025-08-13 12:34:22 [main] DEBUG [,] n.d.b.g.s.s.AnnotationGrpcServiceDiscoverer - Found gRPC service: grpc.health.v1.Health, bean: grpcHealthService, class: io.grpc.protobuf.services.HealthServiceImpl
2025-08-13 12:34:22 [main] DEBUG [,] n.d.b.g.s.s.AnnotationGrpcServiceDiscoverer - Found gRPC service: grpc.reflection.v1alpha.ServerReflection, bean: protoReflectionService, class: io.grpc.protobuf.services.ProtoReflectionService
2025-08-13 12:34:22 [main] INFO  [,] o.s.b.a.e.web.EndpointLinksResolver - Exposing 4 endpoints beneath base path '/actuator'
2025-08-13 12:34:22 [main] INFO  [,] o.s.b.w.e.tomcat.TomcatWebServer - Tomcat started on port 8081 (http) with context path '/'
2025-08-13 12:34:23 [main] INFO  [,] n.d.b.g.s.s.AbstractGrpcServerFactory - Registered gRPC service: user.UserService, bean: userServiceImpl, class: com.example.service_user.service.UserServiceImpl
2025-08-13 12:34:23 [main] INFO  [,] n.d.b.g.s.s.AbstractGrpcServerFactory - Registered gRPC service: grpc.health.v1.Health, bean: grpcHealthService, class: io.grpc.protobuf.services.HealthServiceImpl
2025-08-13 12:34:23 [main] INFO  [,] n.d.b.g.s.s.AbstractGrpcServerFactory - Registered gRPC service: grpc.reflection.v1alpha.ServerReflection, bean: protoReflectionService, class: io.grpc.protobuf.services.ProtoReflectionService
2025-08-13 12:34:23 [main] INFO  [,] n.d.b.g.s.s.GrpcServerLifecycle - gRPC Server started, listening on address: *, port: 9090
2025-08-13 12:34:23 [main] INFO  [,] c.e.s.ServiceUserApplication - Started ServiceUserApplication in 7.914 seconds (process running for 8.776)
2025-08-13 12:35:00 [BatchSpanProcessor_WorkerThread-1] WARN  [,] i.o.e.zipkin.ZipkinSpanExporter - Failed to export spans
java.net.ConnectException: null
	at java.net.http/jdk.internal.net.http.HttpClientImpl.send(HttpClientImpl.java:951)
	at java.net.http/jdk.internal.net.http.HttpClientFacade.send(HttpClientFacade.java:133)
	at org.springframework.boot.actuate.autoconfigure.tracing.zipkin.ZipkinHttpClientSender.postSpans(ZipkinHttpClientSender.java:60)
	at org.springframework.boot.actuate.autoconfigure.tracing.zipkin.HttpSender.postSpans(HttpSender.java:69)
	at org.springframework.boot.actuate.autoconfigure.tracing.zipkin.HttpSender.postSpans(HttpSender.java:41)
	at zipkin2.reporter.BaseHttpSender.send(BaseHttpSender.java:123)
	at io.opentelemetry.exporter.zipkin.ZipkinSpanExporter.lambda$export$0(ZipkinSpanExporter.java:83)
	at io.opentelemetry.context.Context.lambda$wrap$1(Context.java:241)
	at io.opentelemetry.api.internal.InstrumentationUtil.suppressInstrumentation(InstrumentationUtil.java:28)
	at io.opentelemetry.exporter.zipkin.ZipkinSpanExporter.export(ZipkinSpanExporter.java:80)
	at io.micrometer.tracing.otel.bridge.CompositeSpanExporter.lambda$export$3(CompositeSpanExporter.java:90)
	at java.base/java.lang.Iterable.forEach(Iterable.java:75)
	at io.micrometer.tracing.otel.bridge.CompositeSpanExporter.export(CompositeSpanExporter.java:90)
	at io.opentelemetry.sdk.trace.export.BatchSpanProcessor$Worker.exportCurrentBatch(BatchSpanProcessor.java:344)
	at io.opentelemetry.sdk.trace.export.BatchSpanProcessor$Worker.run(BatchSpanProcessor.java:258)
	at java.base/java.lang.Thread.run(Thread.java:1583)
Caused by: java.net.ConnectException: null
	at java.net.http/jdk.internal.net.http.common.Utils.toConnectException(Utils.java:1028)
	at java.net.http/jdk.internal.net.http.PlainHttpConnection.connectAsync(PlainHttpConnection.java:227)
	at java.net.http/jdk.internal.net.http.PlainHttpConnection.checkRetryConnect(PlainHttpConnection.java:280)
	at java.net.http/jdk.internal.net.http.PlainHttpConnection.lambda$connectAsync$2(PlainHttpConnection.java:238)
	at java.base/java.util.concurrent.CompletableFuture.uniHandle(CompletableFuture.java:934)
	at java.base/java.util.concurrent.CompletableFuture$UniHandle.tryFire(CompletableFuture.java:911)
	at java.base/java.util.concurrent.CompletableFuture.postComplete(CompletableFuture.java:510)
	at java.base/java.util.concurrent.CompletableFuture$AsyncSupply.run(CompletableFuture.java:1773)
	at java.base/java.util.concurrent.ThreadPoolExecutor.runWorker(ThreadPoolExecutor.java:1144)
	at java.base/java.util.concurrent.ThreadPoolExecutor$Worker.run(ThreadPoolExecutor.java:642)
	... 1 common frames omitted
Caused by: java.nio.channels.ClosedChannelException: null
	at java.base/sun.nio.ch.SocketChannelImpl.ensureOpen(SocketChannelImpl.java:202)
	at java.base/sun.nio.ch.SocketChannelImpl.beginConnect(SocketChannelImpl.java:786)
	at java.base/sun.nio.ch.SocketChannelImpl.connect(SocketChannelImpl.java:874)
	at java.net.http/jdk.internal.net.http.PlainHttpConnection.lambda$connectAsync$1(PlainHttpConnection.java:210)
	at java.base/java.security.AccessController.doPrivileged(AccessController.java:571)
	at java.net.http/jdk.internal.net.http.PlainHttpConnection.connectAsync(PlainHttpConnection.java:212)
	... 9 common frames omitted
2025-08-13 12:40:18 [http-nio-8081-exec-1] INFO  [,] o.a.c.c.C.[Tomcat].[localhost].[/] - Initializing Spring DispatcherServlet 'dispatcherServlet'
2025-08-13 12:40:18 [http-nio-8081-exec-1] INFO  [,] o.s.web.servlet.DispatcherServlet - Initializing Servlet 'dispatcherServlet'
2025-08-13 12:40:18 [http-nio-8081-exec-1] INFO  [,] o.s.web.servlet.DispatcherServlet - Completed initialization in 70 ms
2025-08-13 12:40:27 [BatchSpanProcessor_WorkerThread-1] WARN  [,] i.o.e.zipkin.ZipkinSpanExporter - Failed to export spans
java.io.IOException: HTTP/1.1 header parser received no bytes
	at java.net.http/jdk.internal.net.http.HttpClientImpl.send(HttpClientImpl.java:964)
	at java.net.http/jdk.internal.net.http.HttpClientFacade.send(HttpClientFacade.java:133)
	at org.springframework.boot.actuate.autoconfigure.tracing.zipkin.ZipkinHttpClientSender.postSpans(ZipkinHttpClientSender.java:60)
	at org.springframework.boot.actuate.autoconfigure.tracing.zipkin.HttpSender.postSpans(HttpSender.java:69)
	at org.springframework.boot.actuate.autoconfigure.tracing.zipkin.HttpSender.postSpans(HttpSender.java:41)
	at zipkin2.reporter.BaseHttpSender.send(BaseHttpSender.java:123)
	at io.opentelemetry.exporter.zipkin.ZipkinSpanExporter.lambda$export$0(ZipkinSpanExporter.java:83)
	at io.opentelemetry.context.Context.lambda$wrap$1(Context.java:241)
	at io.opentelemetry.api.internal.InstrumentationUtil.suppressInstrumentation(InstrumentationUtil.java:28)
	at io.opentelemetry.exporter.zipkin.ZipkinSpanExporter.export(ZipkinSpanExporter.java:80)
	at io.micrometer.tracing.otel.bridge.CompositeSpanExporter.lambda$export$3(CompositeSpanExporter.java:90)
	at java.base/java.lang.Iterable.forEach(Iterable.java:75)
	at io.micrometer.tracing.otel.bridge.CompositeSpanExporter.export(CompositeSpanExporter.java:90)
	at io.opentelemetry.sdk.trace.export.BatchSpanProcessor$Worker.exportCurrentBatch(BatchSpanProcessor.java:344)
	at io.opentelemetry.sdk.trace.export.BatchSpanProcessor$Worker.run(BatchSpanProcessor.java:258)
	at java.base/java.lang.Thread.run(Thread.java:1583)
Caused by: java.io.IOException: HTTP/1.1 header parser received no bytes
	at java.net.http/jdk.internal.net.http.common.Utils.wrapWithExtraDetail(Utils.java:388)
	at java.net.http/jdk.internal.net.http.Http1Response$HeadersReader.onReadError(Http1Response.java:590)
	at java.net.http/jdk.internal.net.http.Http1AsyncReceiver.checkForErrors(Http1AsyncReceiver.java:302)
	at java.net.http/jdk.internal.net.http.Http1AsyncReceiver.flush(Http1AsyncReceiver.java:268)
	at java.net.http/jdk.internal.net.http.common.SequentialScheduler$LockingRestartableTask.run(SequentialScheduler.java:182)
	at java.net.http/jdk.internal.net.http.common.SequentialScheduler$CompleteRestartableTask.run(SequentialScheduler.java:149)
	at java.net.http/jdk.internal.net.http.common.SequentialScheduler$SchedulableTask.run(SequentialScheduler.java:207)
	at java.base/java.util.concurrent.ThreadPoolExecutor.runWorker(ThreadPoolExecutor.java:1144)
	at java.base/java.util.concurrent.ThreadPoolExecutor$Worker.run(ThreadPoolExecutor.java:642)
	... 1 common frames omitted
Caused by: java.io.EOFException: EOF reached while reading
	at java.net.http/jdk.internal.net.http.Http1AsyncReceiver$Http1TubeSubscriber.onComplete(Http1AsyncReceiver.java:601)
	at java.net.http/jdk.internal.net.http.SocketTube$InternalReadPublisher$ReadSubscription.signalCompletion(SocketTube.java:648)
	at java.net.http/jdk.internal.net.http.SocketTube$InternalReadPublisher$InternalReadSubscription.read(SocketTube.java:853)
	at java.net.http/jdk.internal.net.http.SocketTube$SocketFlowTask.run(SocketTube.java:181)
	at java.net.http/jdk.internal.net.http.common.SequentialScheduler$SchedulableTask.run(SequentialScheduler.java:207)
	at java.net.http/jdk.internal.net.http.common.SequentialScheduler.runOrSchedule(SequentialScheduler.java:280)
	at java.net.http/jdk.internal.net.http.common.SequentialScheduler.runOrSchedule(SequentialScheduler.java:233)
	at java.net.http/jdk.internal.net.http.SocketTube$InternalReadPublisher$InternalReadSubscription.signalReadable(SocketTube.java:782)
	at java.net.http/jdk.internal.net.http.SocketTube$InternalReadPublisher$ReadEvent.signalEvent(SocketTube.java:965)
	at java.net.http/jdk.internal.net.http.SocketTube$SocketFlowEvent.handle(SocketTube.java:253)
	at java.net.http/jdk.internal.net.http.HttpClientImpl$SelectorManager.handleEvent(HttpClientImpl.java:1467)
	at java.net.http/jdk.internal.net.http.HttpClientImpl$SelectorManager.lambda$run$3(HttpClientImpl.java:1412)
	at java.base/java.util.ArrayList.forEach(ArrayList.java:1596)
	at java.net.http/jdk.internal.net.http.HttpClientImpl$SelectorManager.run(HttpClientImpl.java:1412)
